// Jest Snapshot v1, https://goo.gl/fbAQLP

exports[`embedded entities in postgresql schema: embeddables custom types 1 1`] = `
"create table \\"user\\" (\\"id\\" serial primary key, \\"savings_amount\\" numeric(14,2) not null, \\"after\\" int4 null);

"
`;

exports[`embedded entities in postgresql schema: embeddables custom types 2 1`] = `""`;

exports[`embedded entities in postgresql schema: embeddables custom types 3 1`] = `
"drop table if exists \\"user\\" cascade;

"
`;
