// Jest Snapshot v1, https://goo.gl/fbAQLP

exports[`SchemaGenerator generate schema from metadata [mysql]: mysql-schema-dump 1`] = `
"SET NAMES utf8;
SET FOREIGN_KEY_CHECKS=0;


DROP TABLE IF EXISTS \`author2\`;

CREATE TABLE \`author2\` (
  \`id\` int(11) unsigned NOT NULL AUTO_INCREMENT,
  \`created_at\` datetime(3) NOT NULL DEFAULT CURRENT_TIMESTAMP(3),
  \`updated_at\` datetime(3) NOT NULL DEFAULT CURRENT_TIMESTAMP(3),
  \`name\` varchar(255) NOT NULL,
  \`email\` varchar(255) UNIQUE NOT NULL,
  \`age\` int(11) DEFAULT NULL,
  \`terms_accepted\` tinyint(1) NOT NULL DEFAULT 0,
  \`identities\` json DEFAULT NULL,
  \`born\` datetime DEFAULT NULL,
  \`favourite_book_uuid_pk\` varchar(36) DEFAULT NULL,
  \`favourite_author_id\` int(11) unsigned DEFAULT NULL,
  PRIMARY KEY (\`id\`),
  KEY \`favourite_book_uuid_pk\` (\`favourite_book_uuid_pk\`),
  KEY \`favourite_author_id\` (\`favourite_author_id\`)
) ENGINE=InnoDB DEFAULT CHARSET=utf8;


DROP TABLE IF EXISTS \`book2\`;

CREATE TABLE \`book2\` (
  \`uuid_pk\` varchar(36) NOT NULL,
  \`created_at\` datetime(3) NOT NULL DEFAULT CURRENT_TIMESTAMP(3),
  \`title\` varchar(255) DEFAULT NULL,
  \`perex\` text DEFAULT NULL,
  \`price\` float DEFAULT NULL,
  \`double\` double DEFAULT NULL,
  \`meta\` json DEFAULT NULL,
  \`author_id\` int(11) unsigned DEFAULT NULL,
  \`publisher_id\` int(11) unsigned DEFAULT NULL,
  PRIMARY KEY (\`uuid_pk\`),
  KEY \`author_id\` (\`author_id\`),
  KEY \`publisher_id\` (\`publisher_id\`)
) ENGINE=InnoDB DEFAULT CHARSET=utf8;


DROP TABLE IF EXISTS \`book_tag2\`;

CREATE TABLE \`book_tag2\` (
  \`id\` int(11) unsigned NOT NULL AUTO_INCREMENT,
  \`name\` varchar(50) NOT NULL,
  PRIMARY KEY (\`id\`)
) ENGINE=InnoDB DEFAULT CHARSET=utf8;


DROP TABLE IF EXISTS \`publisher2\`;

CREATE TABLE \`publisher2\` (
  \`id\` int(11) unsigned NOT NULL AUTO_INCREMENT,
  \`name\` varchar(255) NOT NULL,
  \`type\` varchar(10) NOT NULL,
  PRIMARY KEY (\`id\`)
) ENGINE=InnoDB DEFAULT CHARSET=utf8;


DROP TABLE IF EXISTS \`test2\`;

CREATE TABLE \`test2\` (
  \`id\` int(11) unsigned NOT NULL AUTO_INCREMENT,
  \`name\` varchar(255) DEFAULT NULL,
  \`book_uuid_pk\` varchar(36) UNIQUE DEFAULT NULL,
  PRIMARY KEY (\`id\`)
) ENGINE=InnoDB DEFAULT CHARSET=utf8;


DROP TABLE IF EXISTS \`foo_bar2\`;

CREATE TABLE \`foo_bar2\` (
  \`id\` int(11) unsigned NOT NULL AUTO_INCREMENT,
  \`name\` varchar(255) NOT NULL,
  \`baz_id\` int(11) unsigned UNIQUE DEFAULT NULL,
  \`foo_bar_id\` int(11) unsigned UNIQUE DEFAULT NULL,
  PRIMARY KEY (\`id\`)
) ENGINE=InnoDB DEFAULT CHARSET=utf8;


DROP TABLE IF EXISTS \`foo_baz2\`;

CREATE TABLE \`foo_baz2\` (
  \`id\` int(11) unsigned NOT NULL AUTO_INCREMENT,
  \`name\` varchar(255) NOT NULL,
  PRIMARY KEY (\`id\`)
) ENGINE=InnoDB DEFAULT CHARSET=utf8;


DROP TABLE IF EXISTS \`book2_to_book_tag2\`;

CREATE TABLE \`book2_to_book_tag2\` (
  \`id\` int(11) unsigned NOT NULL AUTO_INCREMENT,
  \`book2_uuid_pk\` varchar(36) NOT NULL,
  \`book_tag2_id\` int(11) unsigned NOT NULL,
  PRIMARY KEY (\`id\`),
  KEY \`book2_uuid_pk\` (\`book2_uuid_pk\`),
  KEY \`book_tag2_id\` (\`book_tag2_id\`)
) ENGINE=InnoDB DEFAULT CHARSET=utf8;


DROP TABLE IF EXISTS \`publisher2_to_test2\`;

CREATE TABLE \`publisher2_to_test2\` (
  \`id\` int(11) unsigned NOT NULL AUTO_INCREMENT,
  \`publisher2_id\` int(11) unsigned NOT NULL,
  \`test2_id\` int(11) unsigned NOT NULL,
  PRIMARY KEY (\`id\`),
  KEY \`publisher2_id\` (\`publisher2_id\`),
  KEY \`test2_id\` (\`test2_id\`)
) ENGINE=InnoDB DEFAULT CHARSET=utf8;


ALTER TABLE \`author2\`
  ADD CONSTRAINT \`author2_ibfk_1\` FOREIGN KEY (\`favourite_book_uuid_pk\`) REFERENCES \`book2\` (\`uuid_pk\`) ON DELETE SET NULL ON UPDATE CASCADE,
  ADD CONSTRAINT \`author2_ibfk_2\` FOREIGN KEY (\`favourite_author_id\`) REFERENCES \`author2\` (\`id\`) ON DELETE SET NULL ON UPDATE CASCADE;


ALTER TABLE \`book2\`
  ADD CONSTRAINT \`book2_ibfk_1\` FOREIGN KEY (\`author_id\`) REFERENCES \`author2\` (\`id\`) ON DELETE SET NULL,
  ADD CONSTRAINT \`book2_ibfk_2\` FOREIGN KEY (\`publisher_id\`) REFERENCES \`publisher2\` (\`id\`) ON DELETE SET NULL;


ALTER TABLE \`test2\`
  ADD CONSTRAINT \`test2_ibfk_1\` FOREIGN KEY (\`book_uuid_pk\`) REFERENCES \`book2\` (\`uuid_pk\`) ON DELETE SET NULL;


ALTER TABLE \`foo_bar2\`
  ADD CONSTRAINT \`foo_bar2_ibfk_1\` FOREIGN KEY (\`baz_id\`) REFERENCES \`foo_baz2\` (\`id\`) ON DELETE SET NULL ON UPDATE CASCADE,
  ADD CONSTRAINT \`foo_bar2_ibfk_2\` FOREIGN KEY (\`foo_bar_id\`) REFERENCES \`foo_bar2\` (\`id\`) ON DELETE SET NULL ON UPDATE CASCADE;


ALTER TABLE \`book2_to_book_tag2\`
  ADD CONSTRAINT \`book2_to_book_tag2_ibfk_1\` FOREIGN KEY (\`book2_uuid_pk\`) REFERENCES \`book2\` (\`uuid_pk\`) ON DELETE CASCADE ON UPDATE CASCADE,
  ADD CONSTRAINT \`book2_to_book_tag2_ibfk_2\` FOREIGN KEY (\`book_tag2_id\`) REFERENCES \`book_tag2\` (\`id\`) ON DELETE CASCADE ON UPDATE CASCADE;


ALTER TABLE \`publisher2_to_test2\`
  ADD CONSTRAINT \`publisher2_to_test2_ibfk_1\` FOREIGN KEY (\`publisher2_id\`) REFERENCES \`publisher2\` (\`id\`) ON DELETE CASCADE ON UPDATE CASCADE,
  ADD CONSTRAINT \`publisher2_to_test2_ibfk_2\` FOREIGN KEY (\`test2_id\`) REFERENCES \`test2\` (\`id\`) ON DELETE CASCADE ON UPDATE CASCADE;


SET FOREIGN_KEY_CHECKS=1;
"
`;

exports[`SchemaGenerator generate schema from metadata [postgres]: postgres-schema-dump 1`] = `
"SET NAMES 'utf8';
SET session_replication_role = 'replica';


DROP TABLE IF EXISTS \\"author2\\" CASCADE;
DROP SEQUENCE IF EXISTS \\"author2_seq\\";

CREATE SEQUENCE \\"author2_seq\\";
CREATE TABLE \\"author2\\" (
  \\"id\\" int check (\\"id\\" > 0) NOT NULL DEFAULT NEXTVAL('author2_seq'),
  \\"created_at\\" timestamp(3) NOT NULL DEFAULT CURRENT_TIMESTAMP(3),
  \\"updated_at\\" timestamp(3) NOT NULL DEFAULT CURRENT_TIMESTAMP(3),
  \\"name\\" varchar(255) NOT NULL,
  \\"email\\" varchar(255) UNIQUE NOT NULL,
  \\"age\\" int DEFAULT NULL,
  \\"terms_accepted\\" boolean NOT NULL DEFAULT 0,
  \\"identities\\" json DEFAULT NULL,
  \\"born\\" timestamp DEFAULT NULL,
  \\"favourite_book_uuid_pk\\" varchar(36) DEFAULT NULL,
  \\"favourite_author_id\\" int check (\\"favourite_author_id\\" > 0) DEFAULT NULL,
  PRIMARY KEY (\\"id\\")
);


DROP TABLE IF EXISTS \\"book2\\" CASCADE;
DROP SEQUENCE IF EXISTS \\"book2_seq\\";

CREATE TABLE \\"book2\\" (
  \\"uuid_pk\\" varchar(36) NOT NULL,
  \\"created_at\\" timestamp(3) NOT NULL DEFAULT CURRENT_TIMESTAMP(3),
  \\"title\\" varchar(255) DEFAULT NULL,
  \\"perex\\" text DEFAULT NULL,
  \\"price\\" float DEFAULT NULL,
  \\"double\\" double precision DEFAULT NULL,
  \\"meta\\" json DEFAULT NULL,
  \\"author_id\\" int check (\\"author_id\\" > 0) DEFAULT NULL,
  \\"publisher_id\\" int check (\\"publisher_id\\" > 0) DEFAULT NULL,
  PRIMARY KEY (\\"uuid_pk\\")
);


DROP TABLE IF EXISTS \\"book_tag2\\" CASCADE;
DROP SEQUENCE IF EXISTS \\"book_tag2_seq\\";

CREATE SEQUENCE \\"book_tag2_seq\\";
CREATE TABLE \\"book_tag2\\" (
  \\"id\\" int check (\\"id\\" > 0) NOT NULL DEFAULT NEXTVAL('book_tag2_seq'),
  \\"name\\" varchar(50) NOT NULL,
  PRIMARY KEY (\\"id\\")
);


DROP TABLE IF EXISTS \\"publisher2\\" CASCADE;
DROP SEQUENCE IF EXISTS \\"publisher2_seq\\";

CREATE SEQUENCE \\"publisher2_seq\\";
CREATE TABLE \\"publisher2\\" (
  \\"id\\" int check (\\"id\\" > 0) NOT NULL DEFAULT NEXTVAL('publisher2_seq'),
  \\"name\\" varchar(255) NOT NULL,
  \\"type\\" varchar(10) NOT NULL,
  PRIMARY KEY (\\"id\\")
);


DROP TABLE IF EXISTS \\"test2\\" CASCADE;
DROP SEQUENCE IF EXISTS \\"test2_seq\\";

CREATE SEQUENCE \\"test2_seq\\";
CREATE TABLE \\"test2\\" (
  \\"id\\" int check (\\"id\\" > 0) NOT NULL DEFAULT NEXTVAL('test2_seq'),
  \\"name\\" varchar(255) DEFAULT NULL,
  \\"book_uuid_pk\\" varchar(36) UNIQUE DEFAULT NULL,
  PRIMARY KEY (\\"id\\")
);


DROP TABLE IF EXISTS \\"foo_bar2\\" CASCADE;
DROP SEQUENCE IF EXISTS \\"foo_bar2_seq\\";

CREATE SEQUENCE \\"foo_bar2_seq\\";
CREATE TABLE \\"foo_bar2\\" (
  \\"id\\" int check (\\"id\\" > 0) NOT NULL DEFAULT NEXTVAL('foo_bar2_seq'),
  \\"name\\" varchar(255) NOT NULL,
  \\"baz_id\\" int check (\\"baz_id\\" > 0) UNIQUE DEFAULT NULL,
  \\"foo_bar_id\\" int check (\\"foo_bar_id\\" > 0) UNIQUE DEFAULT NULL,
  PRIMARY KEY (\\"id\\")
);


DROP TABLE IF EXISTS \\"foo_baz2\\" CASCADE;
DROP SEQUENCE IF EXISTS \\"foo_baz2_seq\\";

CREATE SEQUENCE \\"foo_baz2_seq\\";
CREATE TABLE \\"foo_baz2\\" (
  \\"id\\" int check (\\"id\\" > 0) NOT NULL DEFAULT NEXTVAL('foo_baz2_seq'),
  \\"name\\" varchar(255) NOT NULL,
  PRIMARY KEY (\\"id\\")
);


DROP TABLE IF EXISTS \\"book2_to_book_tag2\\" CASCADE;
DROP SEQUENCE IF EXISTS \\"book2_to_book_tag2_seq\\";

CREATE SEQUENCE \\"book2_to_book_tag2_seq\\";
CREATE TABLE \\"book2_to_book_tag2\\" (
  \\"id\\" int check (\\"id\\" > 0) NOT NULL DEFAULT NEXTVAL('book2_to_book_tag2_seq'),
  \\"book2_uuid_pk\\" varchar(36) NOT NULL,
  \\"book_tag2_id\\" int check (\\"book_tag2_id\\" > 0) NOT NULL,
  PRIMARY KEY (\\"id\\")
);


DROP TABLE IF EXISTS \\"publisher2_to_test2\\" CASCADE;
DROP SEQUENCE IF EXISTS \\"publisher2_to_test2_seq\\";

CREATE SEQUENCE \\"publisher2_to_test2_seq\\";
CREATE TABLE \\"publisher2_to_test2\\" (
  \\"id\\" int check (\\"id\\" > 0) NOT NULL DEFAULT NEXTVAL('publisher2_to_test2_seq'),
  \\"publisher2_id\\" int check (\\"publisher2_id\\" > 0) NOT NULL,
  \\"test2_id\\" int check (\\"test2_id\\" > 0) NOT NULL,
  PRIMARY KEY (\\"id\\")
);


ALTER TABLE \\"author2\\"
  ADD CONSTRAINT \\"author2_ibfk_1\\" FOREIGN KEY (\\"favourite_book_uuid_pk\\") REFERENCES \\"book2\\" (\\"uuid_pk\\") ON DELETE SET NULL ON UPDATE CASCADE,
  ADD CONSTRAINT \\"author2_ibfk_2\\" FOREIGN KEY (\\"favourite_author_id\\") REFERENCES \\"author2\\" (\\"id\\") ON DELETE SET NULL ON UPDATE CASCADE;


ALTER TABLE \\"book2\\"
  ADD CONSTRAINT \\"book2_ibfk_1\\" FOREIGN KEY (\\"author_id\\") REFERENCES \\"author2\\" (\\"id\\") ON DELETE SET NULL,
  ADD CONSTRAINT \\"book2_ibfk_2\\" FOREIGN KEY (\\"publisher_id\\") REFERENCES \\"publisher2\\" (\\"id\\") ON DELETE SET NULL;


ALTER TABLE \\"test2\\"
  ADD CONSTRAINT \\"test2_ibfk_1\\" FOREIGN KEY (\\"book_uuid_pk\\") REFERENCES \\"book2\\" (\\"uuid_pk\\") ON DELETE SET NULL;


ALTER TABLE \\"foo_bar2\\"
  ADD CONSTRAINT \\"foo_bar2_ibfk_1\\" FOREIGN KEY (\\"baz_id\\") REFERENCES \\"foo_baz2\\" (\\"id\\") ON DELETE SET NULL ON UPDATE CASCADE,
  ADD CONSTRAINT \\"foo_bar2_ibfk_2\\" FOREIGN KEY (\\"foo_bar_id\\") REFERENCES \\"foo_bar2\\" (\\"id\\") ON DELETE SET NULL ON UPDATE CASCADE;


ALTER TABLE \\"book2_to_book_tag2\\"
  ADD CONSTRAINT \\"book2_to_book_tag2_ibfk_1\\" FOREIGN KEY (\\"book2_uuid_pk\\") REFERENCES \\"book2\\" (\\"uuid_pk\\") ON DELETE CASCADE ON UPDATE CASCADE,
  ADD CONSTRAINT \\"book2_to_book_tag2_ibfk_2\\" FOREIGN KEY (\\"book_tag2_id\\") REFERENCES \\"book_tag2\\" (\\"id\\") ON DELETE CASCADE ON UPDATE CASCADE;


ALTER TABLE \\"publisher2_to_test2\\"
  ADD CONSTRAINT \\"publisher2_to_test2_ibfk_1\\" FOREIGN KEY (\\"publisher2_id\\") REFERENCES \\"publisher2\\" (\\"id\\") ON DELETE CASCADE ON UPDATE CASCADE,
  ADD CONSTRAINT \\"publisher2_to_test2_ibfk_2\\" FOREIGN KEY (\\"test2_id\\") REFERENCES \\"test2\\" (\\"id\\") ON DELETE CASCADE ON UPDATE CASCADE;


SET session_replication_role = 'origin';
"
`;

exports[`SchemaGenerator generate schema from metadata [sqlite]: sqlite-schema-dump 1`] = `
"PRAGMA foreign_keys=OFF;


DROP TABLE IF EXISTS \\"author3\\";

CREATE TABLE \\"author3\\" (
  \\"id\\" INTEGER PRIMARY KEY AUTOINCREMENT,
  \\"created_at\\" TEXT DEFAULT NULL,
  \\"updated_at\\" TEXT DEFAULT NULL,
  \\"name\\" TEXT NOT NULL,
  \\"email\\" TEXT UNIQUE NOT NULL,
  \\"age\\" INTEGER DEFAULT NULL,
  \\"terms_accepted\\" INTEGER NOT NULL DEFAULT 0,
  \\"identities\\" TEXT DEFAULT NULL,
  \\"born\\" TEXT DEFAULT NULL
);


DROP TABLE IF EXISTS \\"book3\\";

CREATE TABLE \\"book3\\" (
  \\"id\\" INTEGER PRIMARY KEY AUTOINCREMENT,
  \\"title\\" TEXT NOT NULL
);


DROP TABLE IF EXISTS \\"book_tag3\\";

CREATE TABLE \\"book_tag3\\" (
  \\"id\\" INTEGER PRIMARY KEY AUTOINCREMENT,
  \\"name\\" TEXT NOT NULL
);


DROP TABLE IF EXISTS \\"publisher3\\";

CREATE TABLE \\"publisher3\\" (
  \\"id\\" INTEGER PRIMARY KEY AUTOINCREMENT,
  \\"name\\" TEXT NOT NULL,
  \\"type\\" TEXT NOT NULL
);


DROP TABLE IF EXISTS \\"test3\\";

CREATE TABLE \\"test3\\" (
  \\"id\\" INTEGER PRIMARY KEY AUTOINCREMENT,
  \\"name\\" TEXT DEFAULT NULL
);


DROP TABLE IF EXISTS \\"book3_to_book_tag3\\";

CREATE TABLE \\"book3_to_book_tag3\\" (
  \\"id\\" INTEGER PRIMARY KEY AUTOINCREMENT
);


DROP TABLE IF EXISTS \\"publisher3_to_test3\\";

CREATE TABLE \\"publisher3_to_test3\\" (
  \\"id\\" INTEGER PRIMARY KEY AUTOINCREMENT
);


ALTER TABLE \\"author3\\" ADD \\"favourite_book_id\\" INTEGER DEFAULT NULL REFERENCES \\"book3\\" (\\"id\\") ON DELETE SET NULL ON UPDATE CASCADE;

ALTER TABLE \\"book3\\" ADD \\"author_id\\" INTEGER DEFAULT NULL REFERENCES \\"author3\\" (\\"id\\") ON DELETE SET NULL ON UPDATE CASCADE;
ALTER TABLE \\"book3\\" ADD \\"publisher_id\\" INTEGER DEFAULT NULL REFERENCES \\"publisher3\\" (\\"id\\") ON DELETE SET NULL ON UPDATE CASCADE;

ALTER TABLE \\"book3_to_book_tag3\\" ADD \\"book3_id\\" INTEGER DEFAULT NULL REFERENCES \\"book3\\" (\\"id\\") ON DELETE CASCADE ON UPDATE CASCADE;
ALTER TABLE \\"book3_to_book_tag3\\" ADD \\"book_tag3_id\\" INTEGER DEFAULT NULL REFERENCES \\"book_tag3\\" (\\"id\\") ON DELETE CASCADE ON UPDATE CASCADE;

ALTER TABLE \\"publisher3_to_test3\\" ADD \\"publisher3_id\\" INTEGER DEFAULT NULL REFERENCES \\"publisher3\\" (\\"id\\") ON DELETE CASCADE ON UPDATE CASCADE;
ALTER TABLE \\"publisher3_to_test3\\" ADD \\"test3_id\\" INTEGER DEFAULT NULL REFERENCES \\"test3\\" (\\"id\\") ON DELETE CASCADE ON UPDATE CASCADE;

PRAGMA foreign_keys=ON;
"
`;
